c10f1
c10f2
c7
c8.1
c9f1
c9f2
c9m2
icarus
p10
p11
p8
p9
sisyphus
