total 2240
drwxr-xr-x 6 4096 Jan 29  2018 aas
drwxr-xr-x 6 4096 Dec 16  2007 ab
drwxr-xr-x 6 4096 Sep  7  2006 abr
drwxr-xr-x 6 4096 Sep  7  2006 abulava
drwxr-xr-x 6 4096 Mar 28  2018 ac1d
drwxr-xr-x 6 4096 Oct  7  2010 ach
drwxr-xr-x 6 4096 Oct 17  2006 adiel
drwxr-xr-x 6 4096 Jul 31  2019 admsasha
drwxr-xr-x 6 4096 Sep  7  2006 ahtoh
drwxr-xr-x 6 4096 Dec  7  2023 aibure
drwxr-xr-x 6 4096 Sep  6  2011 ainur
drwxr-xr-x 6 4096 Sep  7  2006 akhavr
drwxr-xr-x 6 4096 May 17  2022 aki
drwxr-xr-x 6 4096 Apr 14  2014 akv
drwxr-xr-x 6 4096 May 21  2008 alb
drwxr-xr-x 6 4096 Jul 26  2009 alecs
drwxr-xr-x 6 4096 Oct 14  2024 alehandro
drwxr-xr-x 6 4096 Mar 25  2021 alenka
drwxr-xr-x 6 4096 Dec 16  2010 alex
drwxr-xr-x 6 4096 Apr 12  2011 alexalv
drwxr-xr-x 6 4096 Jul 23  2009 alexblues
drwxr-xr-x 6 4096 Aug 15  2017 alexey
drwxr-xr-x 6 4096 Jul 30  2012 alexeyknyshev
drwxr-xr-x 6 4096 May  3  2023 alexeys
drwxr-xr-x 6 4096 Feb 28  2008 alexsid
drwxr-xr-x 6 4096 Oct 14  2024 alexvk
drwxr-xr-x 6 4096 Nov 10  2008 alexvm
drwxr-xr-x 6 4096 Sep  7  2006 algor
drwxr-xr-x 6 4096 Mar 15  2012 ali
drwxr-xr-x 6 4096 Sep 13  2022 alimektor
drwxr-xr-x 6 4096 Oct  7  2024 alpacost
drwxr-xr-x 6 4096 Nov 20  2009 alsroot
drwxr-xr-x 6 4096 Oct 14  2024 alton
drwxr-xr-x 6 4096 Nov 27  2008 alunix
drwxr-xr-x 6 4096 Oct  4  2012 alvesev
drwxr-xr-x 6 4096 Apr 18 15:55 alvshemetov
drwxr-xr-x 6 4096 Sep  2  2024 alxvmr
drwxr-xr-x 6 4096 Oct 29  2018 amakeenk
drwxr-xr-x 6 4096 Dec 15  2022 ameno
drwxr-xr-x 6 4096 Jul 17  2024 amg
drwxr-xr-x 6 4096 May 22  2008 amike
drwxr-xr-x 6 4096 Feb  5  2018 aminov
drwxr-xr-x 6 4096 Mar 16  2009 anarresti
drwxr-xr-x 6 4096 Feb 21  2022 ancieg
drwxr-xr-x 6 4096 Sep  7  2006 andrei
drwxr-xr-x 6 4096 Apr 17  2019 andy
drwxr-xr-x 6 4096 Apr  2  2009 andyc
drwxr-xr-x 6 4096 Apr  2  2007 ankon
drwxr-xr-x 6 4096 Jul  6  2015 antohami
drwxr-xr-x 6 4096 Feb 20  2015 anton
drwxr-xr-x 6 4096 Jan 23  2024 antoneot64
drwxr-xr-x 6 4096 Dec  5  2023 antpro
drwxr-xr-x 6 4096 Mar  5  2007 anyr
drwxr-xr-x 6 4096 Jun  6  2013 aoliakh
drwxr-xr-x 6 4096 Oct 12  2007 aquarius
drwxr-xr-x 6 4096 Sep  5  2019 arbars
drwxr-xr-x 6 4096 Aug  6  2008 arc
drwxr-xr-x 6 4096 Jul  6  2018 arei
drwxr-xr-x 6 4096 May 28  2008 aris
drwxr-xr-x 6 4096 Sep  2  2024 armatik
drwxr-xr-x 6 4096 Jul 25  2017 arseny
drwxr-xr-x 6 4096 Sep  4  2024 artp
drwxr-xr-x 6 4096 Sep  2  2024 arzdez
drwxr-xr-x 6 4096 Jul 10  2012 asdus
drwxr-xr-x 6 4096 Sep  7  2006 ashen
drwxr-xr-x 6 4096 May 28  2018 asheplyakov
drwxr-xr-x 6 4096 May 22  2008 aspsk
drwxr-xr-x 6 4096 Sep  7  2006 asy
drwxr-xr-x 6 4096 May 24  2008 at
drwxr-xr-x 6 4096 Sep  7  2006 atl
drwxr-xr-x 6 4096 Sep  2  2021 august
drwxr-xr-x 6 4096 Apr 18  2011 auv
drwxr-xr-x 6 4096 May 24  2008 avm
drwxr-xr-x 6 4096 May 29  2008 azol
drwxr-xr-x 6 4096 May 30  2008 balbeko
drwxr-xr-x 6 4096 Oct 19  2021 balbes150
drwxr-xr-x 6 4096 Apr 14  2008 barabashka
drwxr-xr-x 6 4096 Sep  3  2010 baraka
drwxr-xr-x 6 4096 Jan 21  2011 barsopen
drwxr-xr-x 6 4096 Oct 21  2013 barssc
drwxr-xr-x 6 4096 Jul 25  2014 bassmaster
drwxr-xr-x 6 4096 Aug 30  2010 baywind
drwxr-xr-x 6 4096 Jun 18  2008 becase
drwxr-xr-x 6 4096 Mar  7  2010 beekeeper
drwxr-xr-x 6 4096 Mar 22  2008 bertis
drwxr-xr-x 6 4096 May 19  2008 bga
drwxr-xr-x 6 4096 Oct 29  2018 bip
drwxr-xr-x 6 4096 Oct 16  2017 bircoph
drwxr-xr-x 6 4096 May  4  2011 black
drwxr-xr-x 6 4096 Apr  4  2008 blake
drwxr-xr-x 6 4096 Feb 17  2021 bne
drwxr-xr-x 6 4096 Jun  8  2023 bombastermax
drwxr-xr-x 6 4096 Apr 26  2010 boresexpress
drwxr-xr-x 6 4096 May 16  2024 boria138
drwxr-xr-x 6 4096 Mar 16  2008 boris
drwxr-xr-x 6 4096 Apr 25  2008 boyarsh
drwxr-xr-x 6 4096 Sep  7  2006 bp
drwxr-xr-x 6 4096 May 23  2008 cas
drwxr-xr-x 6 4096 Sep 22  2011 cetus
drwxr-xr-x 6 4096 Sep  2  2024 cheese
drwxr-xr-x 6 4096 Jun  8  2023 chernigin
drwxr-xr-x 6 4096 Nov 24  2014 cheusov
drwxr-xr-x 6 4096 Feb 10 16:23 chur1q
drwxr-xr-x 6 4096 Sep  7  2006 cityhawk
drwxr-xr-x 6 4096 Apr 16  2021 cleaner
drwxr-xr-x 6 4096 Jan 14  2009 conoc
drwxr-xr-x 6 4096 Sep  7  2006 corwin
drwxr-xr-x 6 4096 Nov 13  2012 cow
drwxr-xr-x 6 4096 Aug 27  2010 cronbuild
drwxr-xr-x 6 4096 Sep 20  2013 cronport
drwxr-xr-x 6 4096 Oct 24  2016 cronsync
drwxr-xr-x 6 4096 Sep  7  2006 crux
drwxr-xr-x 6 4096 Jun  8  2023 daffi
drwxr-xr-x 6 4096 Mar  7  2008 damir
drwxr-xr-x 6 4096 May 30  2008 damned
drwxr-xr-x 6 4096 Oct 21  2013 danil
drwxr-xr-x 6 4096 Dec  5  2023 danild
drwxr-xr-x 6 4096 May  7  2008 dans
drwxr-xr-x 6 4096 Jun  8  2023 danya
drwxr-xr-x 6 4096 Nov 19  2024 darisishe
drwxr-xr-x 6 4096 Jun 20  2017 darktemplar
drwxr-xr-x 6 4096 Jul  5  2010 dd
drwxr-xr-x 6 4096 Dec  7  2023 ded
drwxr-xr-x 6 4096 Mar 15  2007 dek
drwxr-xr-x 6 4096 Jul 27  2007 demion
drwxr-xr-x 6 4096 Oct 18  2021 devops46
drwxr-xr-x 6 4096 Jun  8  2007 dez
drwxr-xr-x 6 4096 May 16  2024 dfpl
drwxr-xr-x 6 4096 Dec 16  2010 diana
drwxr-xr-x 6 4096 May 22  2007 dim
drwxr-xr-x 6 4096 Apr 12  2011 dja
drwxr-xr-x 6 4096 Oct 10  2022 django
drwxr-xr-x 6 4096 Sep  8  2006 dk
drwxr-xr-x 6 4096 Oct  7  2008 dkoryavov
drwxr-xr-x 6 4096 May 30  2007 dkr
drwxr-xr-x 6 4096 Sep  7  2006 dlebkov
drwxr-xr-x 6 4096 May 28  2008 dottedmag
drwxr-xr-x 6 4096 Oct  7  2008 dplakhov
drwxr-xr-x 6 4096 Oct 17  2006 dralex
drwxr-xr-x 6 4096 Dec 29  2008 droid
drwxr-xr-x 6 4096 Nov 20  2008 drool
drwxr-xr-x 6 4096 Nov 10  2020 dshein
drwxr-xr-x 6 4096 Nov 28  2006 dubrsl
drwxr-xr-x 6 4096 Sep  5  2022 dutyrok
drwxr-xr-x 6 4096 Nov 16  2009 dvc
drwxr-xr-x 6 4096 Mar 28  2018 dzagrebin
drwxr-xr-x 6 4096 Feb  8  2021 egori
drwxr-xr-x 6 4096 May 28  2018 egorz
drwxr-xr-x 6 4096 Aug 22  2016 ekorneechev
drwxr-xr-x 6 4096 Oct 22  2009 elly
drwxr-xr-x 6 4096 Aug 29  2008 ender
drwxr-xr-x 6 4096 Jul 17  2024 enimalojd
drwxr-xr-x 6 4096 May 13  2008 enp
drwxr-xr-x 6 4096 Mar 12  2008 eostapets
drwxr-xr-x 6 4096 Jul  4  2008 erthad
drwxr-xr-x 6 4096 Apr  3 13:10 esgor
drwxr-xr-x 6 4096 Apr 11  2012 esyr
drwxr-xr-x 6 4096 Apr  8  2008 eugvv
drwxr-xr-x 6 4096 Apr  2  2008 evg
drwxr-xr-x 6 4096 Sep  7  2006 evseev
drwxr-xr-x 6 4096 May 28  2008 evyscr
drwxr-xr-x 6 4096 Oct 17  2022 faltoff
drwxr-xr-x 6 4096 Mar 26  2024 fedor
drwxr-xr-x 6 4096 May 17  2022 felixz
drwxr-xr-x 6 4096 Jun  8  2023 fidel
drwxr-xr-x 6 4096 May 28  2024 fiersik
drwxr-xr-x 6 4096 Feb 13  2023 fl0pp5
drwxr-xr-x 6 4096 May 14  2008 fmartini
drwxr-xr-x 6 4096 Sep  7  2006 force
drwxr-xr-x 6 4096 Nov 16  2009 freak
drwxr-xr-x 6 4096 Jun 30  2021 fruktime
drwxr-xr-x 6 4096 Dec  5  2023 furywipe
drwxr-xr-x 6 4096 Sep 17  2007 gab
drwxr-xr-x 6 4096 Dec 26  2014 galizin
drwxr-xr-x 6 4096 Jan 31 14:38 gamzin
drwxr-xr-x 6 4096 Nov 12  2024 gariq
drwxr-xr-x 6 4096 Feb 17  2008 genix
drwxr-xr-x 6 4096 Dec  9  2022 geochip
drwxr-xr-x 6 4096 May 29  2008 george
drwxr-xr-x 6 4096 Dec  7  2023 gerben
drwxr-xr-x 6 4096 Dec 12  2022 gforgx
drwxr-xr-x 6 4096 Apr 13  2008 gik
drwxr-xr-x 6 4096 Apr 28  2007 gilving
drwxr-xr-x 6 4096 Dec 12  2017 gkot
drwxr-xr-x 6 4096 Jul  5  2010 glebfm
drwxr-xr-x 6 4096 Feb 19  2008 gns
drwxr-xr-x 6 4096 Dec  9  2022 golubevan
drwxr-xr-x 6 4096 May 14  2008 gray_graff
drwxr-xr-x 6 4096 Nov  6  2008 greg
drwxr-xr-x 6 4096 Nov 11  2019 greh
drwxr-xr-x 6 4096 Jun 22  2017 gremlin
drwxr-xr-x 6 4096 Sep 11  2017 grenka
drwxr-xr-x 6 4096 Mar 18  2007 greycat
drwxr-xr-x 6 4096 Dec  8  2014 grumbler
drwxr-xr-x 6 4096 Jun  8  2023 guschin
drwxr-xr-x 6 4096 Apr  3 13:10 halt
drwxr-xr-x 6 4096 Oct 18  2021 hellkar
drwxr-xr-x 6 4096 Apr  9  2007 hiddenman
drwxr-xr-x 6 4096 Nov 20  2008 hlodin
drwxr-xr-x 6 4096 Oct 10  2022 hollapuppy
drwxr-xr-x 6 4096 Feb 14  2022 homura
drwxr-xr-x 6 4096 Sep  4  2024 hromovpi
drwxr-xr-x 6 4096 Oct  7  2008 hsv
drwxr-xr-x 6 4096 Jun  8  2007 huffman
drwxr-xr-x 6 4096 May 17  2022 iakuninaa
drwxr-xr-x 6 4096 Mar 22  2008 icesik
drwxr-xr-x 6 4096 May 27  2008 ildar
drwxr-xr-x 6 4096 Apr  9  2021 ilyakurdyukov
drwxr-xr-x 6 4096 Jan  7  2014 imz
drwxr-xr-x 6 4096 May 12  2008 inger
drwxr-xr-x 6 4096 Aug 27  2020 invariabilis
drwxr-xr-x 6 4096 May 27  2008 iv
drwxr-xr-x 6 4096 Dec  9  2022 ivan
drwxr-xr-x 6 4096 Sep  7  2006 jaa
drwxr-xr-x 6 4096 Nov 27  2008 jeninho
drwxr-xr-x 6 4096 Apr 10  2017 jenya
drwxr-xr-x 6 4096 Apr 16  2008 jinn
drwxr-xr-x 6 4096 Mar 28  2018 jqt4
drwxr-xr-x 6 4096 Oct  7  2024 k0tran
drwxr-xr-x 6 4096 Sep 13  2022 kaa
drwxr-xr-x 6 4096 Feb  8  2021 kaf
drwxr-xr-x 6 4096 May 26  2010 kaman
drwxr-xr-x 6 4096 Feb  7  2008 kana
drwxr-xr-x 6 4096 Nov  6  2007 karpov
drwxr-xr-x 6 4096 May 30  2008 kas
drwxr-xr-x 6 4096 Nov 15  2018 kastet
drwxr-xr-x 6 4096 Oct 19  2021 kdy
drwxr-xr-x 6 4096 Mar 27  2024 keller
drwxr-xr-x 6 4096 Mar  3  2020 keremet
drwxr-xr-x 6 4096 Mar 23  2017 kernelbot
drwxr-xr-x 6 4096 Apr  4  2021 kernelpony
drwxr-xr-x 6 4096 Feb 19  2020 kevl
drwxr-xr-x 6 4096 Dec 29  2008 kga
drwxr-xr-x 6 4096 Aug 12  2020 khab
drwxr-xr-x 6 4096 Oct 24  2008 kharpost
drwxr-xr-x 6 4096 Sep  2  2024 kiper
drwxr-xr-x 6 4096 May 28  2008 kipruss
drwxr-xr-x 6 4096 Jan  3  2008 kirill
drwxr-xr-x 6 4096 Aug 17  2017 klark
drwxr-xr-x 6 4096 Oct 18  2021 koi
drwxr-xr-x 6 4096 Jun  8  2017 kondratyuk
drwxr-xr-x 6 4096 Feb 14  2022 konevas
drwxr-xr-x 6 4096 Apr 11  2013 kotbegemot
drwxr-xr-x 6 4096 Sep  2  2021 kotopesutility
drwxr-xr-x 6 4096 May 18  2022 kovalev
drwxr-xr-x 6 4096 Nov 19  2024 kozorizki
drwxr-xr-x 6 4096 Jan 31 14:39 kozyrevid
drwxr-xr-x 6 4096 Feb  5  2018 krash
drwxr-xr-x 6 4096 Aug 30  2023 krf10
drwxr-xr-x 6 4096 Apr 13  2008 ktirf
drwxr-xr-x 6 4096 Dec  5  2023 kulikovsa
drwxr-xr-x 6 4096 Jun  1  2007 kurakin
drwxr-xr-x 6 4096 Jan 22  2024 kuznetsovam
drwxr-xr-x 6 4096 May 29  2008 lakostis
drwxr-xr-x 6 4096 Apr 19  2010 lamp
drwxr-xr-x 6 4096 Apr 30  2008 lav
drwxr-xr-x 6 4096 Oct  7  2008 lbeasty
drwxr-xr-x 6 4096 Jan 20  2012 lbutorina
drwxr-xr-x 6 4096 May 13  2009 ldv
drwxr-xr-x 6 4096 Sep  7  2006 leader
drwxr-xr-x 6 4096 Sep  7  2006 led
drwxr-xr-x 6 4096 May 30  2008 legion
drwxr-xr-x 6 4096 Mar 23  2007 lekseich
drwxr-xr-x 6 4096 Dec  5  2023 lenka
drwxr-xr-x 6 4096 Feb 13  2017 lepata
drwxr-xr-x 6 4096 Jun 27 17:48 lesyafox
drwxr-xr-x 6 4096 Apr  8  2010 letanton
drwxr-xr-x 6 4096 Nov 29  2021 liannnix
drwxr-xr-x 6 4096 May 16  2024 lightvillet
drwxr-xr-x 6 4096 Nov 28  2007 liks
drwxr-xr-x 6 4096 Jan 20  2017 lineprinter
drwxr-xr-x 6 4096 Nov 27  2008 litvinovg
drwxr-xr-x 6 4096 Feb  9  2009 lizzard
drwxr-xr-x 6 4096 Oct 24  2008 lnkvisitor
drwxr-xr-x 6 4096 Oct 11  2007 lodin
drwxr-xr-x 6 4096 Apr 13  2008 loki
drwxr-xr-x 6 4096 Jan 22  2024 lola
drwxr-xr-x 6 4096 Sep 26  2008 lunetta
drwxr-xr-x 6 4096 Sep 29  2018 lvol
drwxr-xr-x 6 4096 Jun  4  2009 m31
drwxr-xr-x 6 4096 Dec  1  2015 madcracken
drwxr-xr-x 6 4096 Jul 25  2018 majioa
drwxr-xr-x 6 4096 Feb 18 14:27 maks1ms
drwxr-xr-x 6 4096 Feb  8  2011 malo
drwxr-xr-x 6 4096 Jun 25  2008 manowar
drwxr-xr-x 6 4096 Dec  7  2023 manton
drwxr-xr-x 6 4096 Jan  9 14:02 manul
drwxr-xr-x 6 4096 Aug  4  2023 mari
drwxr-xr-x 6 4096 Feb 13  2023 markow
drwxr-xr-x 6 4096 Aug  8  2018 mars
drwxr-xr-x 6 4096 Mar  4  2020 mattaku
drwxr-xr-x 6 4096 Nov  6  2007 maximbo
drwxr-xr-x 6 4096 Dec  9  2022 mbgl
drwxr-xr-x 6 4096 Feb 21  2017 mcpain
drwxr-xr-x 6 4096 Dec 18  2024 medovi
drwxr-xr-x 6 4096 Jul 26  2020 mef
drwxr-xr-x 6 4096 Mar 15  2007 mex3
drwxr-xr-x 6 4096 Sep  7  2006 mhz
drwxr-xr-x 6 4096 Oct 31  2009 michael
drwxr-xr-x 6 4096 Aug 19  2007 migor
drwxr-xr-x 6 4096 Feb  7  2018 mik
drwxr-xr-x 6 4096 Sep  7  2006 mikcor
drwxr-xr-x 6 4096 May 29  2008 mike
drwxr-xr-x 6 4096 Sep 29  2018 mikhailnov
drwxr-xr-x 6 4096 Oct  7  2024 minergenon
drwxr-xr-x 6 4096 Mar 29  2008 misha
drwxr-xr-x 6 4096 May 10  2008 mithraen
drwxr-xr-x 6 4096 Apr 18  2011 mithraenbot
drwxr-xr-x 6 4096 Sep  7  2006 mitrofan
drwxr-xr-x 6 4096 Jun  8  2023 morgonf
drwxr-xr-x 6 4096 Mar 26  2008 morozov
drwxr-xr-x 6 4096 Dec 23  2022 morozovaes
drwxr-xr-x 6 4096 Sep  7  2006 mothlike
drwxr-xr-x 6 4096 Mar  5  2018 mrdrew
drwxr-xr-x 6 4096 Sep  7  2006 mrkooll
drwxr-xr-x 6 4096 Oct  9  2008 msp
drwxr-xr-x 6 4096 Feb 27  2008 mtbest
drwxr-xr-x 6 4096 Sep  7  2006 murygin
drwxr-xr-x 6 4096 Sep  7  2006 mutabor
drwxr-xr-x 6 4096 Feb 19  2020 mvgnezdilov
drwxr-xr-x 6 4096 Dec  3  2010 mvk
drwxr-xr-x 6 4096 Jan 19  2018 mvoronov
drwxr-xr-x 6 4096 Apr 29  2010 mzhukov
drwxr-xr-x 6 4096 May 28  2008 naf
drwxr-xr-x 6 4096 May  4  2008 nbr
drwxr-xr-x 6 4096 Dec  7  2023 neff
drwxr-xr-x 6 4096 Apr 14  2010 nenderus
drwxr-xr-x 6 4096 Apr 19  2010 neosmd
drwxr-xr-x 6 4096 Feb  1  2021 neurofreak
drwxr-xr-x 6 4096 Mar  5  2018 nickel
drwxr-xr-x 6 4096 Apr 17  2019 nickf
drwxr-xr-x 6 4096 Jul  9  2007 nidd
drwxr-xr-x 6 4096 Jan 24  2019 nir
drwxr-xr-x 6 4096 Sep 20  2022 nit
drwxr-xr-x 6 4096 Mar 31  2023 nofex
drwxr-xr-x 6 4096 Mar 30  2008 ns
drwxr-xr-x 6 4096 Mar 14  2017 obirvalger
drwxr-xr-x 6 4096 Apr  5  2007 oddity
drwxr-xr-x 6 4096 Aug 10  2023 oficerovas
drwxr-xr-x 6 4096 Sep  5  2011 ogion
drwxr-xr-x 6 4096 Oct  7  2024 oleg
drwxr-xr-x 6 4096 May  3  2018 olegeg
drwxr-xr-x 6 4096 Sep  7  2006 olpa
drwxr-xr-x 6 4096 Mar  5  2018 omg
drwxr-xr-x 6 4096 Jun 29  2007 open
drwxr-xr-x 6 4096 Jun 27 17:48 orel
drwxr-xr-x 6 4096 Jun  8  2023 oskiller
drwxr-xr-x 6 4096 Aug 16  2009 pablo
drwxr-xr-x 6 4096 Dec  7  2023 pae
drwxr-xr-x 6 4096 Jul 25  2018 pak
drwxr-xr-x 6 4096 Feb 17  2023 paksa
drwxr-xr-x 6 4096 Sep  7  2006 pal
drwxr-xr-x 6 4096 Mar  3 16:26 paladindev
drwxr-xr-x 6 4096 Jun 20  2022 palar
drwxr-xr-x 6 4096 Sep 15  2006 partizan
drwxr-xr-x 6 4096 Oct 13  2017 paulelms
drwxr-xr-x 6 4096 Oct 11  2010 pauli
drwxr-xr-x 6 4096 Feb 19  2020 pav
drwxr-xr-x 6 4096 Sep 26  2022 pavel
drwxr-xr-x 6 4096 Sep 19  2008 pbb
drwxr-xr-x 6 4096 Apr 20  2007 peet
drwxr-xr-x 6 4096 May 23  2008 php_coder
drwxr-xr-x 6 4096 Oct 24  2008 piastry
drwxr-xr-x 6 4096 Sep  5  2022 pikone
drwxr-xr-x 6 4096 Sep  7  2006 pilot
drwxr-xr-x 6 4096 Jan 18  2021 placeholder
drwxr-xr-x 6 4096 Sep  7  2006 plik
drwxr-xr-x 6 4096 Sep  7  2006 pma
drwxr-xr-x 6 4096 Apr 18  2008 prividen
drwxr-xr-x 6 4096 Feb 27  2023 profugus
drwxr-xr-x 6 4096 Oct 10  2022 prohorp
drwxr-xr-x 6 4096 Sep 20  2022 proninaa
drwxr-xr-x 6 4096 Sep  6  2023 proscriptions
drwxr-xr-x 6 4096 Dec  7  2023 proskur
drwxr-xr-x 6 4096 Dec 11  2024 protvin
drwxr-xr-x 6 4096 Jun 18  2008 psolntsev
drwxr-xr-x 6 4096 Dec 18  2018 ptrnine
drwxr-xr-x 6 4096 Sep  7  2006 pv
drwxr-xr-x 6 4096 Apr 24  2024 qa_arseny
drwxr-xr-x 6 4096 Oct 15  2015 qa_glebfm
drwxr-xr-x 6 4096 Apr 13  2013 qa_ldv
drwxr-xr-x 2 4096 Feb  8  2017 qa_viy
drwxr-xr-x 6 4096 Mar 21  2023 qualimock
drwxr-xr-x 6 4096 Mar 29  2013 qwest
drwxr-xr-x 6 4096 Feb 19  2020 qwetwe
drwxr-xr-x 6 4096 May 28 08:57 r9odt
drwxr-xr-x 6 4096 May 24  2010 rad
drwxr-xr-x 6 4096 Dec 27  2009 radik
drwxr-xr-x 6 4096 Aug 29  2008 rainbow
drwxr-xr-x 5 4096 Mar 15  2012 raorn
drwxr-xr-x 6 4096 Dec  5  2023 rauty
drwxr-xr-x 6 4096 Feb 20  2020 rav263
drwxr-xr-x 6 4096 Jan  4  2008 ravil
drwxr-xr-x 6 4096 Dec 17  2018 rbapin
drwxr-xr-x 6 4096 Dec 29  2008 real
drwxr-xr-x 6 4096 Oct 12  2007 redbaron
drwxr-xr-x 6 4096 Feb  9  2009 remaks
drwxr-xr-x 6 4096 Apr 16  2021 reminder
drwxr-xr-x 6 4096 Nov  4  2009 repocop
drwxr-xr-x 6 4096 Oct 18  2021 respublica
drwxr-xr-x 6 4096 May 23  2008 rider
drwxr-xr-x 6 4096 Apr 12  2011 rigan
drwxr-xr-x 6 4096 Feb 28  2024 rirusha
drwxr-xr-x 6 4096 Apr 23  2008 rlz
drwxr-xr-x 6 4096 Sep  7  2006 robin
drwxr-xr-x 6 4096 Mar 11  2010 rolland
drwxr-xr-x 6 4096 Nov 20  2008 rom_as
drwxr-x--x 2 4096 Nov  4  2008 root
drwxr-xr-x 6 4096 Jan 18  2021 root_beekeeper
drwxr-xr-x 6 4096 May 16  2011 root_boyarsh
drwxr-xr-x 2 4096 Oct 15  2015 root_glebfm
drwxr-xr-x 6 4096 May 16  2011 root_ldv
drwxr-xr-x 2 4096 Jul 19  2017 root_nbr
drwxr-xr-x 6 4096 Nov 12  2007 rt
drwxr-xr-x 6 4096 Sep  7  2006 rupor
drwxr-xr-x 6 4096 Aug  5  2011 ruslan
drwxr-xr-x 6 4096 May 19  2008 ruslandh
drwxr-xr-x 6 4096 Sep  2  2024 rx1513
drwxr-xr-x 6 4096 Apr 14  2023 saahriktu
drwxr-xr-x 6 4096 May 18  2021 saber
drwxr-xr-x 6 4096 Jun  8  2007 sadeness
drwxr-xr-x 6 4096 Jul 10  2012 safarov
drwxr-xr-x 6 4096 Aug 30  2023 samael
drwxr-xr-x 6 4096 Sep  7  2006 sass
drwxr-xr-x 6 4096 Jan 17  2023 sav
drwxr-xr-x 6 4096 Aug 30  2023 savoptik
drwxr-xr-x 6 4096 May 24  2008 sbolshakov
drwxr-xr-x 6 4096 May 28  2008 sem
drwxr-xr-x 6 4096 Jul  3  2007 seriv
drwxr-xr-x 6 4096 Dec  7  2023 serjigva
drwxr-xr-x 6 4096 Sep  7  2006 serpiph
drwxr-xr-x 6 4096 Sep  2  2007 shaba
drwxr-xr-x 6 4096 Oct  7  2024 shad
drwxr-xr-x 6 4096 Nov 24  2014 shadrinov
drwxr-xr-x 6 4096 Sep  7  2006 shalupov
drwxr-xr-x 6 4096 Sep  4  2024 sheriffkorov
drwxr-xr-x 6 4096 Apr 13  2008 shev
drwxr-xr-x 6 4096 May 28  2024 shm
drwxr-xr-x 6 4096 May 30  2008 shrek
drwxr-xr-x 6 4096 May 28  2008 silicium
drwxr-xr-x 6 4096 May 19  2008 sin
drwxr-xr-x 6 4096 Dec  9  2022 sirius
drwxr-xr-x 6 4096 Jun  8  2023 skachedubov
drwxr-xr-x 6 4096 Nov 29  2021 slashburygin
drwxr-xr-x 6 4096 Sep  7  2006 slava
drwxr-xr-x 6 4096 Mar 10  2008 slavutich
drwxr-xr-x 6 4096 May 27  2008 slazav
drwxr-xr-x 6 4096 Jul  7  2017 slev
drwxr-xr-x 6 4096 Mar 21  2023 smasher
drwxr-xr-x 6 4096 Apr  4  2008 snejok
drwxr-xr-x 6 4096 Sep 20  2022 snk
drwxr-xr-x 6 4096 Jan 24  2019 snowmix
drwxr-xr-x 6 4096 May 16  2024 sobue
drwxr-xr-x 6 4096 May  5  2008 solo
drwxr-xr-x 6 4096 Dec 15  2016 sotor
drwxr-xr-x 6 4096 May 26  2023 sova
drwxr-xr-x 6 4096 Feb 10 16:24 sovtouch
drwxr-xr-x 6 4096 Aug 30  2018 specbot
drwxr-xr-x 6 4096 Jun  9  2009 sproutella
drwxr-xr-x 6 4096 Nov 20  2008 sr
drwxr-xr-x 6 4096 Jun  8  2023 srebrov
drwxr-xr-x 6 4096 Sep  7  2006 stalker
drwxr-xr-x 6 4096 Apr 25  2008 stanv
drwxr-xr-x 6 4096 Mar  4  2007 svd
drwxr-xr-x 6 4096 Mar  3  2020 svn17
drwxr-xr-x 6 4096 Jul  2  2007 svyt
drwxr-xr-x 6 4096 Nov 12  2024 swaggyglice
drwxr-xr-x 6 4096 Sep  2  2024 swerg
drwxr-xr-x 6 4096 May 22  2008 swi
drwxr-xr-x 6 4096 Sep  7  2006 syatskevich
drwxr-xr-x 6 4096 Sep  7  2006 taf
drwxr-xr-x 6 4096 May 22 12:00 tascad
drwxr-xr-x 2 4096 Apr  3  2019 taskman
drwxr-xr-x 6 4096 Apr 18  2017 tema
drwxr-xr-x 6 4096 Dec  9  2022 thatman
drwxr-xr-x 6 4096 May 27  2008 thresh
drwxr-xr-x 6 4096 Sep  7  2006 tibor
drwxr-xr-x 6 4096 Oct 11  2010 timonbl4
drwxr-xr-x 6 4096 Feb 19  2020 toga
drwxr-xr-x 6 4096 Dec 15  2022 toni
drwxr-xr-x 6 4096 Oct  4  2012 tonik
drwxr-xr-x 6 4096 Apr 12  2011 torabora
drwxr-xr-x 6 4096 May 22 13:12 toreonify
drwxr-xr-x 6 4096 Sep  7  2006 tosick
drwxr-xr-x 6 4096 Dec  7  2023 toxblh
drwxr-xr-x 6 4096 Nov 10  2007 tren
drwxr-xr-x 6 4096 Mar 26  2024 treza
drwxr-xr-x 6 4096 Dec  7  2017 trubach
drwxr-xr-x 6 4096 Feb 20 13:24 tulskijms
drwxr-xr-x 6 4096 Jan 16  2023 turbid
drwxr-xr-x 6 4096 Dec  7  2023 tvoygit
drwxr-xr-x 6 4096 May 28 08:57 tyaplyapych
drwxr-xr-x 6 4096 Apr 26  2007 uka
drwxr-xr-x 6 4096 Sep  7  2006 ulfr
drwxr-xr-x 6 4096 Nov 12  2024 ulysses
drwxr-xr-x 6 4096 Jul 11  2022 un9021
drwxr-xr-x 6 4096 Jul 25  2018 underwit
drwxr-xr-x 6 4096 May 22 12:34 usoltsevpv
drwxr-xr-x 6 4096 Nov 10  2008 vaa
drwxr-xr-x 6 4096 Aug  1  2019 valentina
drwxr-xr-x 6 4096 Feb 12  2013 valintinr
drwxr-xr-x 6 4096 Jan 23  2024 vanomj
drwxr-xr-x 6 4096 Mar  2  2007 vbt
drwxr-xr-x 6 4096 May 17  2022 vcong
drwxr-xr-x 6 4096 Dec 14  2023 ved
drwxr-xr-x 6 4096 Nov 15  2018 vercha
drwxr-xr-x 6 4096 Nov 10  2020 vgor
drwxr-xr-x 6 4096 Jul  4  2008 vip
drwxr-xr-x 6 4096 May  4  2008 vitty
drwxr-xr-x 6 4096 Apr 17  2009 vitus
drwxr-xr-x 6 4096 May  6  2008 viy
drwxr-xr-x 6 4096 Sep  7  2006 vk
drwxr-xr-x 6 4096 Feb 28  2008 vkni
drwxr-xr-x 6 4096 Jan 24  2008 vladimir
drwxr-xr-x 6 4096 Mar 17  2008 voins
drwxr-xr-x 6 4096 Aug  4  2023 vor
drwxr-xr-x 6 4096 Feb  8  2021 voropaevdmtr
drwxr-xr-x 6 4096 Jul 23  2009 vostok
drwxr-xr-x 6 4096 Dec 21  2015 vseleznv
drwxr-xr-x 6 4096 Mar 13  2008 vsu
drwxr-xr-x 6 4096 Feb 22  2018 vt
drwxr-xr-x 6 4096 May 29  2008 vvk
drwxr-xr-x 6 4096 Sep 19  2008 vvpi
drwxr-xr-x 6 4096 Sep  7  2006 vvzhy
drwxr-xr-x 6 4096 Mar 23  2012 vx8400
drwxr-xr-x 6 4096 Apr  9  2008 vyt
drwxr-xr-x 6 4096 Jan 24  2023 wangroo
drwxr-xr-x 6 4096 Sep  7  2006 warframe
drwxr-xr-x 6 4096 May 14  2008 wart
drwxr-xr-x 6 4096 Jan 10  2008 week
drwxr-xr-x 6 4096 Aug 10  2007 worklez
drwxr-xr-x 6 4096 Oct  1  2013 woronin
drwxr-xr-x 5 4096 May  3  2008 wrar
drwxr-xr-x 6 4096 Nov 19  2024 writers
drwxr-xr-x 6 4096 Jan  9  2018 x09
drwxr-xr-x 6 4096 Feb 18 14:27 x1z53
drwxr-xr-x 6 4096 Mar  3 16:25 xeno
drwxr-xr-x 6 4096 Sep 26  2022 ximper
drwxr-xr-x 6 4096 May 28  2008 xmm
drwxr-xr-x 6 4096 Nov  1  2022 yabro
drwxr-xr-x 6 4096 Nov 29  2016 yakonstb
drwxr-xr-x 6 4096 Aug 24  2011 yuk
drwxr-xr-x 6 4096 Jun 18  2008 yurifil
drwxr-xr-x 6 4096 Apr  2  2009 yushi
drwxr-xr-x 6 4096 Sep  7  2006 yust
drwxr-xr-x 6 4096 Sep  7  2006 yz
drwxr-xr-x 6 4096 Aug  8  2018 zacat
drwxr-xr-x 6 4096 Feb 19  2020 zagagyka
drwxr-xr-x 6 4096 Dec 16  2019 zah
drwxr-xr-x 6 4096 May 16  2024 zander
drwxr-xr-x 6 4096 Sep  7  2006 zcrendel
drwxr-xr-x 6 4096 Sep  3  2024 zeff
drwxr-xr-x 6 4096 May 27  2008 zerg
drwxr-xr-x 6 4096 Dec  7  2023 zerospirit
drwxr-xr-x 6 4096 Oct 19  2007 zhum
drwxr-xr-x 6 4096 Jan 26  2009 zidex
drwxr-xr-x 6 4096 Mar 27  2024 zitaker
drwxr-xr-x 6 4096 Dec  4  2008 zlos
drwxr-xr-x 6 4096 Nov 27  2014 zorg
drwxr-xr-x 6 4096 Apr 29  2008 zver
