aas
ab
abr
abulava
ac1d
ach
adiel
admsasha
ahtoh
aibure
ainur
akhavr
aki
akv
alb
alecs
alehandro
alenka
alex
alexalv
alexblues
alexey
alexeyknyshev
alexeys
alexsid
alexvk
alexvm
algor
ali
alimektor
alpacost
alsroot
alton
alunix
alvesev
alvshemetov
alxvmr
amakeenk
ameno
amg
amike
aminov
anarresti
ancieg
andrei
andy
andyc
ankon
antohami
anton
antoneot64
antpro
anyr
aoliakh
aquarius
arbars
arc
arei
aris
armatik
arseny
artp
arzdez
asdus
ashen
asheplyakov
aspsk
asy
at
atl
august
auv
avm
azol
balbeko
balbes150
barabashka
baraka
barsopen
barssc
bassmaster
baywind
becase
beekeeper
bertis
bga
bip
bircoph
black
blake
bne
bombastermax
boresexpress
boria138
boris
boyarsh
bp
cas
cetus
cheese
chernigin
cheusov
chur1q
cityhawk
cleaner
conoc
corwin
cow
cronbuild
cronport
cronsync
crux
daffi
damir
damned
danil
danild
dans
danya
darisishe
darktemplar
dd
ded
dek
demion
devops46
dez
dfpl
diana
dim
dja
django
dk
dkoryavov
dkr
dlebkov
dottedmag
dplakhov
dralex
droid
drool
dshein
dubrsl
dutyrok
dvc
dzagrebin
egori
egorz
ekorneechev
elly
ender
enimalojd
enp
eostapets
erthad
esgor
esyr
eugvv
evg
evseev
evyscr
faltoff
fedor
felixz
fidel
fiersik
fl0pp5
fmartini
force
freak
fruktime
furywipe
gab
galizin
gamzin
gariq
genix
geochip
george
gerben
gforgx
gik
gilving
gkot
glebfm
gns
golubevan
gray_graff
greg
greh
gremlin
grenka
greycat
grumbler
guschin
halt
hellkar
hiddenman
hlodin
hollapuppy
homura
hromovpi
hsv
huffman
iakuninaa
icesik
ildar
ilyakurdyukov
imz
inger
invariabilis
iv
ivan
jaa
jeninho
jenya
jinn
jqt4
k0tran
kaa
kaf
kaman
kana
karpov
kas
kastet
kdy
keller
keremet
kernelbot
kernelpony
kevl
kga
khab
kharpost
kiper
kipruss
kirill
klark
koi
kondratyuk
konevas
kotbegemot
kotopesutility
kovalev
kozorizki
kozyrevid
krash
krf10
ktirf
kulikovsa
kurakin
kuznetsovam
lakostis
lamp
lav
lbeasty
lbutorina
ldv
leader
led
legion
lekseich
lenka
lepata
lesyafox
letanton
liannnix
lightvillet
liks
lineprinter
litvinovg
lizzard
lnkvisitor
lodin
loki
lola
lunetta
lvol
m31
madcracken
majioa
maks1ms
malo
manowar
manton
manul
mari
markow
mars
mattaku
maximbo
mbgl
mcpain
medovi
mef
mex3
mhz
michael
migor
mik
mikcor
mike
mikhailnov
minergenon
misha
mithraen
mithraenbot
mitrofan
morgonf
morozov
morozovaes
mothlike
mrdrew
mrkooll
msp
mtbest
murygin
mutabor
mvgnezdilov
mvk
mvoronov
mzhukov
naf
nbr
neff
nenderus
neosmd
neurofreak
nickel
nickf
nidd
nir
nit
nofex
ns
obirvalger
oddity
oficerovas
ogion
oleg
olegeg
olpa
omg
open
orel
oskiller
pablo
pae
pak
paksa
pal
paladindev
palar
partizan
paulelms
pauli
pav
pavel
pbb
peet
php_coder
piastry
pikone
pilot
placeholder
plik
pma
prividen
profugus
prohorp
proninaa
proscriptions
proskur
protvin
psolntsev
ptrnine
pv
qa_arseny
qa_glebfm
qa_ldv
qa_viy
qualimock
qwest
qwetwe
r9odt
rad
radik
rainbow
raorn
rauty
rav263
ravil
rbapin
real
redbaron
remaks
reminder
repocop
respublica
rider
rigan
rirusha
rlz
robin
rolland
rom_as
root
root_beekeeper
root_boyarsh
root_glebfm
root_ldv
root_nbr
rt
rupor
ruslan
ruslandh
rx1513
saahriktu
saber
sadeness
safarov
samael
sass
sav
savoptik
sbolshakov
sem
seriv
serjigva
serpiph
shaba
shad
shadrinov
shalupov
sheriffkorov
shev
shm
shrek
silicium
sin
sirius
skachedubov
slashburygin
slava
slavutich
slazav
slev
smasher
snejok
snk
snowmix
sobue
solo
sotor
sova
sovtouch
specbot
sproutella
sr
srebrov
stalker
stanv
svd
svn17
svyt
swaggyglice
swerg
swi
syatskevich
taf
tascad
taskman
tema
thatman
thresh
tibor
timonbl4
toga
toni
tonik
torabora
toreonify
tosick
toxblh
tren
treza
trubach
tulskijms
turbid
tvoygit
tyaplyapych
uka
ulfr
ulysses
un9021
underwit
usoltsevpv
vaa
valentina
valintinr
vanomj
vbt
vcong
ved
vercha
vgor
vip
vitty
vitus
viy
vk
vkni
vladimir
voins
vor
voropaevdmtr
vostok
vseleznv
vsu
vt
vvk
vvpi
vvzhy
vx8400
vyt
wangroo
warframe
wart
week
worklez
woronin
wrar
writers
x09
x1z53
xeno
ximper
xmm
yabro
yakonstb
yuk
yurifil
yushi
yust
yz
zacat
zagagyka
zah
zander
zcrendel
zeff
zerg
zerospirit
zhum
zidex
zitaker
zlos
zorg
zver
